<?xml version="1.0"?>
<link_info>
   <banner>MSP430 Linker PC v15.12.3.LTS</banner>
   <copyright>Copyright (c) 2003-2015 Texas Instruments Incorporated</copyright>
   <link_time>0x58fe0467</link_time>
   <link_errors>0x0</link_errors>
   <output_file>MSP430 SHT10 EmbeddedSystemProject.out</output_file>
   <entry_point>
      <name>_c_int00_noinit_noargs_noexit</name>
      <address>0xd1fc</address>
   </entry_point>
   <input_file_list>
      <input_file id="fl-2">
         <path>.\</path>
         <kind>object</kind>
         <file>main.obj</file>
         <name>main.obj</name>
      </input_file>
      <input_file id="fl-3">
         <path>.\</path>
         <kind>object</kind>
         <file>sht.obj</file>
         <name>sht.obj</name>
      </input_file>
      <input_file id="fl-1e">
         <path>C:\ti\ccsv6\tools\compiler\msp430_15.12.3.LTS\lib\</path>
         <kind>archive</kind>
         <file>rts430_eabi.lib</file>
         <name>addd.obj</name>
      </input_file>
      <input_file id="fl-1f">
         <path>C:\ti\ccsv6\tools\compiler\msp430_15.12.3.LTS\lib\</path>
         <kind>archive</kind>
         <file>rts430_eabi.lib</file>
         <name>asr16.obj</name>
      </input_file>
      <input_file id="fl-20">
         <path>C:\ti\ccsv6\tools\compiler\msp430_15.12.3.LTS\lib\</path>
         <kind>archive</kind>
         <file>rts430_eabi.lib</file>
         <name>boot.obj</name>
      </input_file>
      <input_file id="fl-21">
         <path>C:\ti\ccsv6\tools\compiler\msp430_15.12.3.LTS\lib\</path>
         <kind>archive</kind>
         <file>rts430_eabi.lib</file>
         <name>boot_special.obj</name>
      </input_file>
      <input_file id="fl-22">
         <path>C:\ti\ccsv6\tools\compiler\msp430_15.12.3.LTS\lib\</path>
         <kind>archive</kind>
         <file>rts430_eabi.lib</file>
         <name>cmpd.obj</name>
      </input_file>
      <input_file id="fl-23">
         <path>C:\ti\ccsv6\tools\compiler\msp430_15.12.3.LTS\lib\</path>
         <kind>archive</kind>
         <file>rts430_eabi.lib</file>
         <name>copy_decompress_none.obj</name>
      </input_file>
      <input_file id="fl-24">
         <path>C:\ti\ccsv6\tools\compiler\msp430_15.12.3.LTS\lib\</path>
         <kind>archive</kind>
         <file>rts430_eabi.lib</file>
         <name>copy_decompress_rle.obj</name>
      </input_file>
      <input_file id="fl-25">
         <path>C:\ti\ccsv6\tools\compiler\msp430_15.12.3.LTS\lib\</path>
         <kind>archive</kind>
         <file>rts430_eabi.lib</file>
         <name>copy_zero_init.obj</name>
      </input_file>
      <input_file id="fl-26">
         <path>C:\ti\ccsv6\tools\compiler\msp430_15.12.3.LTS\lib\</path>
         <kind>archive</kind>
         <file>rts430_eabi.lib</file>
         <name>cvtfd.obj</name>
      </input_file>
      <input_file id="fl-27">
         <path>C:\ti\ccsv6\tools\compiler\msp430_15.12.3.LTS\lib\</path>
         <kind>archive</kind>
         <file>rts430_eabi.lib</file>
         <name>div32u.obj</name>
      </input_file>
      <input_file id="fl-28">
         <path>C:\ti\ccsv6\tools\compiler\msp430_15.12.3.LTS\lib\</path>
         <kind>archive</kind>
         <file>rts430_eabi.lib</file>
         <name>epilog.obj</name>
      </input_file>
      <input_file id="fl-29">
         <path>C:\ti\ccsv6\tools\compiler\msp430_15.12.3.LTS\lib\</path>
         <kind>archive</kind>
         <file>rts430_eabi.lib</file>
         <name>exit.obj</name>
      </input_file>
      <input_file id="fl-2a">
         <path>C:\ti\ccsv6\tools\compiler\msp430_15.12.3.LTS\lib\</path>
         <kind>archive</kind>
         <file>rts430_eabi.lib</file>
         <name>exit_gvars.obj</name>
      </input_file>
      <input_file id="fl-2b">
         <path>C:\ti\ccsv6\tools\compiler\msp430_15.12.3.LTS\lib\</path>
         <kind>archive</kind>
         <file>rts430_eabi.lib</file>
         <name>fixdul.obj</name>
      </input_file>
      <input_file id="fl-2c">
         <path>C:\ti\ccsv6\tools\compiler\msp430_15.12.3.LTS\lib\</path>
         <kind>archive</kind>
         <file>rts430_eabi.lib</file>
         <name>frcaddd.obj</name>
      </input_file>
      <input_file id="fl-2d">
         <path>C:\ti\ccsv6\tools\compiler\msp430_15.12.3.LTS\lib\</path>
         <kind>archive</kind>
         <file>rts430_eabi.lib</file>
         <name>fs_add.obj</name>
      </input_file>
      <input_file id="fl-2e">
         <path>C:\ti\ccsv6\tools\compiler\msp430_15.12.3.LTS\lib\</path>
         <kind>archive</kind>
         <file>rts430_eabi.lib</file>
         <name>fs_cmp.obj</name>
      </input_file>
      <input_file id="fl-2f">
         <path>C:\ti\ccsv6\tools\compiler\msp430_15.12.3.LTS\lib\</path>
         <kind>archive</kind>
         <file>rts430_eabi.lib</file>
         <name>fs_mpy.obj</name>
      </input_file>
      <input_file id="fl-30">
         <path>C:\ti\ccsv6\tools\compiler\msp430_15.12.3.LTS\lib\</path>
         <kind>archive</kind>
         <file>rts430_eabi.lib</file>
         <name>fs_neg.obj</name>
      </input_file>
      <input_file id="fl-31">
         <path>C:\ti\ccsv6\tools\compiler\msp430_15.12.3.LTS\lib\</path>
         <kind>archive</kind>
         <file>rts430_eabi.lib</file>
         <name>fs_toul.obj</name>
      </input_file>
      <input_file id="fl-32">
         <path>C:\ti\ccsv6\tools\compiler\msp430_15.12.3.LTS\lib\</path>
         <kind>archive</kind>
         <file>rts430_eabi.lib</file>
         <name>fs_ultof.obj</name>
      </input_file>
      <input_file id="fl-33">
         <path>C:\ti\ccsv6\tools\compiler\msp430_15.12.3.LTS\lib\</path>
         <kind>archive</kind>
         <file>rts430_eabi.lib</file>
         <name>fs_utof.obj</name>
      </input_file>
      <input_file id="fl-34">
         <path>C:\ti\ccsv6\tools\compiler\msp430_15.12.3.LTS\lib\</path>
         <kind>archive</kind>
         <file>rts430_eabi.lib</file>
         <name>int00.obj</name>
      </input_file>
      <input_file id="fl-35">
         <path>C:\ti\ccsv6\tools\compiler\msp430_15.12.3.LTS\lib\</path>
         <kind>archive</kind>
         <file>rts430_eabi.lib</file>
         <name>int02.obj</name>
      </input_file>
      <input_file id="fl-36">
         <path>C:\ti\ccsv6\tools\compiler\msp430_15.12.3.LTS\lib\</path>
         <kind>archive</kind>
         <file>rts430_eabi.lib</file>
         <name>int03.obj</name>
      </input_file>
      <input_file id="fl-37">
         <path>C:\ti\ccsv6\tools\compiler\msp430_15.12.3.LTS\lib\</path>
         <kind>archive</kind>
         <file>rts430_eabi.lib</file>
         <name>int05.obj</name>
      </input_file>
      <input_file id="fl-38">
         <path>C:\ti\ccsv6\tools\compiler\msp430_15.12.3.LTS\lib\</path>
         <kind>archive</kind>
         <file>rts430_eabi.lib</file>
         <name>int06.obj</name>
      </input_file>
      <input_file id="fl-39">
         <path>C:\ti\ccsv6\tools\compiler\msp430_15.12.3.LTS\lib\</path>
         <kind>archive</kind>
         <file>rts430_eabi.lib</file>
         <name>int07.obj</name>
      </input_file>
      <input_file id="fl-3a">
         <path>C:\ti\ccsv6\tools\compiler\msp430_15.12.3.LTS\lib\</path>
         <kind>archive</kind>
         <file>rts430_eabi.lib</file>
         <name>int08.obj</name>
      </input_file>
      <input_file id="fl-3b">
         <path>C:\ti\ccsv6\tools\compiler\msp430_15.12.3.LTS\lib\</path>
         <kind>archive</kind>
         <file>rts430_eabi.lib</file>
         <name>int09.obj</name>
      </input_file>
      <input_file id="fl-3c">
         <path>C:\ti\ccsv6\tools\compiler\msp430_15.12.3.LTS\lib\</path>
         <kind>archive</kind>
         <file>rts430_eabi.lib</file>
         <name>int10.obj</name>
      </input_file>
      <input_file id="fl-3d">
         <path>C:\ti\ccsv6\tools\compiler\msp430_15.12.3.LTS\lib\</path>
         <kind>archive</kind>
         <file>rts430_eabi.lib</file>
         <name>int11.obj</name>
      </input_file>
      <input_file id="fl-3e">
         <path>C:\ti\ccsv6\tools\compiler\msp430_15.12.3.LTS\lib\</path>
         <kind>archive</kind>
         <file>rts430_eabi.lib</file>
         <name>int12.obj</name>
      </input_file>
      <input_file id="fl-3f">
         <path>C:\ti\ccsv6\tools\compiler\msp430_15.12.3.LTS\lib\</path>
         <kind>archive</kind>
         <file>rts430_eabi.lib</file>
         <name>int13.obj</name>
      </input_file>
      <input_file id="fl-40">
         <path>C:\ti\ccsv6\tools\compiler\msp430_15.12.3.LTS\lib\</path>
         <kind>archive</kind>
         <file>rts430_eabi.lib</file>
         <name>int14.obj</name>
      </input_file>
      <input_file id="fl-41">
         <path>C:\ti\ccsv6\tools\compiler\msp430_15.12.3.LTS\lib\</path>
         <kind>archive</kind>
         <file>rts430_eabi.lib</file>
         <name>isr_trap.obj</name>
      </input_file>
      <input_file id="fl-42">
         <path>C:\ti\ccsv6\tools\compiler\msp430_15.12.3.LTS\lib\</path>
         <kind>archive</kind>
         <file>rts430_eabi.lib</file>
         <name>lsl16.obj</name>
      </input_file>
      <input_file id="fl-43">
         <path>C:\ti\ccsv6\tools\compiler\msp430_15.12.3.LTS\lib\</path>
         <kind>archive</kind>
         <file>rts430_eabi.lib</file>
         <name>lsl32.obj</name>
      </input_file>
      <input_file id="fl-44">
         <path>C:\ti\ccsv6\tools\compiler\msp430_15.12.3.LTS\lib\</path>
         <kind>archive</kind>
         <file>rts430_eabi.lib</file>
         <name>lsr16.obj</name>
      </input_file>
      <input_file id="fl-45">
         <path>C:\ti\ccsv6\tools\compiler\msp430_15.12.3.LTS\lib\</path>
         <kind>archive</kind>
         <file>rts430_eabi.lib</file>
         <name>lsr32.obj</name>
      </input_file>
      <input_file id="fl-46">
         <path>C:\ti\ccsv6\tools\compiler\msp430_15.12.3.LTS\lib\</path>
         <kind>archive</kind>
         <file>rts430_eabi.lib</file>
         <name>lsr64.obj</name>
      </input_file>
      <input_file id="fl-47">
         <path>C:\ti\ccsv6\tools\compiler\msp430_15.12.3.LTS\lib\</path>
         <kind>archive</kind>
         <file>rts430_eabi.lib</file>
         <name>memcpy.obj</name>
      </input_file>
      <input_file id="fl-48">
         <path>C:\ti\ccsv6\tools\compiler\msp430_15.12.3.LTS\lib\</path>
         <kind>archive</kind>
         <file>rts430_eabi.lib</file>
         <name>mpu_init.obj</name>
      </input_file>
      <input_file id="fl-49">
         <path>C:\ti\ccsv6\tools\compiler\msp430_15.12.3.LTS\lib\</path>
         <kind>archive</kind>
         <file>rts430_eabi.lib</file>
         <name>pre_init.obj</name>
      </input_file>
      <input_file id="fl-4a">
         <path>C:\ti\ccsv6\tools\compiler\msp430_15.12.3.LTS\lib\</path>
         <kind>archive</kind>
         <file>rts430_eabi.lib</file>
         <name>renormd.obj</name>
      </input_file>
      <input_file id="fl-4b">
         <path>C:\ti\ccsv6\tools\compiler\msp430_15.12.3.LTS\lib\</path>
         <kind>archive</kind>
         <file>rts430_eabi.lib</file>
         <name>_lock.obj</name>
      </input_file>
      <input_file id="fl-4c">
         <path>C:\ti\ccsv6\tools\compiler\msp430_15.12.3.LTS\lib\</path>
         <kind>archive</kind>
         <file>rts430_eabi.lib</file>
         <name>args_main.obj</name>
      </input_file>
      <input_file id="fl-4d">
         <path>C:\ti\ccsv6\tools\compiler\msp430_15.12.3.LTS\lib\</path>
         <kind>archive</kind>
         <file>rts430_eabi.lib</file>
         <name>asr32.obj</name>
      </input_file>
      <input_file id="fl-4e">
         <path>C:\ti\ccsv6\tools\compiler\msp430_15.12.3.LTS\lib\</path>
         <kind>archive</kind>
         <file>rts430_eabi.lib</file>
         <name>autoinit.obj</name>
      </input_file>
      <input_file id="fl-4f">
         <path>C:\ti\ccsv6\tools\compiler\msp430_15.12.3.LTS\lib\</path>
         <kind>archive</kind>
         <file>rts430_eabi.lib</file>
         <name>cpy_tbl.obj</name>
      </input_file>
      <input_file id="fl-50">
         <path>C:\ti\ccsv6\tools\compiler\msp430_15.12.3.LTS\lib\</path>
         <kind>archive</kind>
         <file>rts430_eabi.lib</file>
         <name>mult16.obj</name>
      </input_file>
      <input_file id="fl-51">
         <path>C:\ti\ccsv6\tools\compiler\msp430_15.12.3.LTS\lib\</path>
         <kind>archive</kind>
         <file>rts430_eabi.lib</file>
         <name>startup.obj</name>
      </input_file>
   </input_file_list>
   <object_component_list>
      <object_component id="oc-f1">
         <name>.stack</name>
         <uninitialized>true</uninitialized>
         <run_address>0x3b0</run_address>
         <size>0x2</size>
         <input_file_ref idref="fl-20"/>
      </object_component>
      <object_component id="oc-311">
         <name>.stack</name>
         <uninitialized>true</uninitialized>
         <run_address>0x3b0</run_address>
         <size>0x0</size>
      </object_component>
      <object_component id="oc-24b">
         <name>.text:__mspabi_addd</name>
         <load_address>0xc000</load_address>
         <run_address>0xc000</run_address>
         <size>0x2e8</size>
         <input_file_ref idref="fl-1e"/>
      </object_component>
      <object_component id="oc-296">
         <name>.text:__TI_frcaddd</name>
         <load_address>0xc2e8</load_address>
         <run_address>0xc2e8</run_address>
         <size>0x260</size>
         <input_file_ref idref="fl-2c"/>
      </object_component>
      <object_component id="oc-1aa">
         <name>.text:SHT_Calculate</name>
         <load_address>0xc548</load_address>
         <run_address>0xc548</run_address>
         <size>0x144</size>
         <input_file_ref idref="fl-3"/>
      </object_component>
      <object_component id="oc-21d">
         <name>.text</name>
         <load_address>0xc68c</load_address>
         <run_address>0xc68c</run_address>
         <size>0x132</size>
         <input_file_ref idref="fl-2d"/>
      </object_component>
      <object_component id="oc-13b">
         <name>.text:main</name>
         <load_address>0xc7be</load_address>
         <run_address>0xc7be</run_address>
         <size>0xf0</size>
         <input_file_ref idref="fl-2"/>
      </object_component>
      <object_component id="oc-22d">
         <name>.text:__mspabi_cmpd</name>
         <load_address>0xc8ae</load_address>
         <run_address>0xc8ae</run_address>
         <size>0xdc</size>
         <input_file_ref idref="fl-22"/>
      </object_component>
      <object_component id="oc-218">
         <name>.text</name>
         <load_address>0xc98a</load_address>
         <run_address>0xc98a</run_address>
         <size>0xc4</size>
         <input_file_ref idref="fl-2f"/>
      </object_component>
      <object_component id="oc-2be">
         <name>.text:__TI_renormd</name>
         <load_address>0xca4e</load_address>
         <run_address>0xca4e</run_address>
         <size>0xbe</size>
         <input_file_ref idref="fl-4a"/>
      </object_component>
      <object_component id="oc-1b7">
         <name>.text:UART_Write_Float</name>
         <load_address>0xcb0c</load_address>
         <run_address>0xcb0c</run_address>
         <size>0xa4</size>
         <input_file_ref idref="fl-2"/>
      </object_component>
      <object_component id="oc-240">
         <name>.text:UART_Write_Int</name>
         <load_address>0xcbb0</load_address>
         <run_address>0xcbb0</run_address>
         <size>0x80</size>
         <input_file_ref idref="fl-2"/>
      </object_component>
      <object_component id="oc-1a4">
         <name>.text:SHT_Measure</name>
         <load_address>0xcc30</load_address>
         <run_address>0xcc30</run_address>
         <size>0x76</size>
         <input_file_ref idref="fl-3"/>
      </object_component>
      <object_component id="oc-20b">
         <name>.text:SHT_Read_Byte</name>
         <load_address>0xcca6</load_address>
         <run_address>0xcca6</run_address>
         <size>0x74</size>
         <input_file_ref idref="fl-3"/>
      </object_component>
      <object_component id="oc-251">
         <name>.text:__mspabi_fixdul</name>
         <load_address>0xcd1a</load_address>
         <run_address>0xcd1a</run_address>
         <size>0x74</size>
         <input_file_ref idref="fl-2b"/>
      </object_component>
      <object_component id="oc-227">
         <name>.text:__mspabi_cvtfd</name>
         <load_address>0xcd8e</load_address>
         <run_address>0xcd8e</run_address>
         <size>0x72</size>
         <input_file_ref idref="fl-26"/>
      </object_component>
      <object_component id="oc-205">
         <name>.text:SHT_Write_Byte</name>
         <load_address>0xce00</load_address>
         <run_address>0xce00</run_address>
         <size>0x6e</size>
         <input_file_ref idref="fl-3"/>
      </object_component>
      <object_component id="oc-2cd">
         <name>.text:l_lsr_const</name>
         <load_address>0xce6e</load_address>
         <run_address>0xce6e</run_address>
         <size>0x5c</size>
         <input_file_ref idref="fl-45"/>
      </object_component>
      <object_component id="oc-28f">
         <name>.text</name>
         <load_address>0xceca</load_address>
         <run_address>0xceca</run_address>
         <size>0x58</size>
         <input_file_ref idref="fl-27"/>
      </object_component>
      <object_component id="oc-23b">
         <name>.text</name>
         <load_address>0xcf22</load_address>
         <run_address>0xcf22</run_address>
         <size>0x4c</size>
         <input_file_ref idref="fl-31"/>
      </object_component>
      <object_component id="oc-29e">
         <name>.text</name>
         <load_address>0xcf6e</load_address>
         <run_address>0xcf6e</run_address>
         <size>0x4c</size>
         <input_file_ref idref="fl-44"/>
      </object_component>
      <object_component id="oc-222">
         <name>.text</name>
         <load_address>0xcfba</load_address>
         <run_address>0xcfba</run_address>
         <size>0x4a</size>
         <input_file_ref idref="fl-2e"/>
      </object_component>
      <object_component id="oc-1fd">
         <name>.text:SHT_Tranmission_Start</name>
         <load_address>0xd004</load_address>
         <run_address>0xd004</run_address>
         <size>0x3e</size>
         <input_file_ref idref="fl-3"/>
      </object_component>
      <object_component id="oc-279">
         <name>.text:l_asr_const</name>
         <load_address>0xd042</load_address>
         <run_address>0xd042</run_address>
         <size>0x3e</size>
         <input_file_ref idref="fl-4d"/>
      </object_component>
      <object_component id="oc-2a3">
         <name>.text:l_lsl_const</name>
         <load_address>0xd080</load_address>
         <run_address>0xd080</run_address>
         <size>0x3e</size>
         <input_file_ref idref="fl-43"/>
      </object_component>
      <object_component id="oc-198">
         <name>.text:SHT_Connection_Reset</name>
         <load_address>0xd0be</load_address>
         <run_address>0xd0be</run_address>
         <size>0x34</size>
         <input_file_ref idref="fl-3"/>
      </object_component>
      <object_component id="oc-19e">
         <name>.text:UART_Init</name>
         <load_address>0xd0f2</load_address>
         <run_address>0xd0f2</run_address>
         <size>0x32</size>
         <input_file_ref idref="fl-2"/>
      </object_component>
      <object_component id="oc-246">
         <name>.text</name>
         <load_address>0xd124</load_address>
         <run_address>0xd124</run_address>
         <size>0x32</size>
         <input_file_ref idref="fl-32"/>
      </object_component>
      <object_component id="oc-26f">
         <name>.text</name>
         <load_address>0xd156</load_address>
         <run_address>0xd156</run_address>
         <size>0x2c</size>
         <input_file_ref idref="fl-1f"/>
      </object_component>
      <object_component id="oc-274">
         <name>.text</name>
         <load_address>0xd182</load_address>
         <run_address>0xd182</run_address>
         <size>0x2c</size>
         <input_file_ref idref="fl-42"/>
      </object_component>
      <object_component id="oc-213">
         <name>.text</name>
         <load_address>0xd1ae</load_address>
         <run_address>0xd1ae</run_address>
         <size>0x24</size>
         <input_file_ref idref="fl-33"/>
      </object_component>
      <object_component id="oc-1b1">
         <name>.text:UART_Write_String</name>
         <load_address>0xd1d2</load_address>
         <run_address>0xd1d2</run_address>
         <size>0x16</size>
         <input_file_ref idref="fl-2"/>
      </object_component>
      <object_component id="oc-192">
         <name>.text:SHT_Init</name>
         <load_address>0xd1e8</load_address>
         <run_address>0xd1e8</run_address>
         <size>0x14</size>
         <input_file_ref idref="fl-3"/>
      </object_component>
      <object_component id="oc-83">
         <name>.text:_c_int00_noinit_noargs_noexit</name>
         <load_address>0xd1fc</load_address>
         <run_address>0xd1fc</run_address>
         <size>0x12</size>
         <input_file_ref idref="fl-21"/>
      </object_component>
      <object_component id="oc-2a8">
         <name>.text:l_lsr</name>
         <load_address>0xd20e</load_address>
         <run_address>0xd20e</run_address>
         <size>0x12</size>
         <input_file_ref idref="fl-45"/>
      </object_component>
      <object_component id="oc-2b9">
         <name>.text:l_asr</name>
         <load_address>0xd220</load_address>
         <run_address>0xd220</run_address>
         <size>0x10</size>
         <input_file_ref idref="fl-4d"/>
      </object_component>
      <object_component id="oc-2b4">
         <name>.text:l_lsl</name>
         <load_address>0xd230</load_address>
         <run_address>0xd230</run_address>
         <size>0x10</size>
         <input_file_ref idref="fl-43"/>
      </object_component>
      <object_component id="oc-164">
         <name>.text</name>
         <load_address>0xd240</load_address>
         <run_address>0xd240</run_address>
         <size>0x10</size>
         <input_file_ref idref="fl-28"/>
      </object_component>
      <object_component id="oc-1bd">
         <name>.text:UART_Write_Char</name>
         <load_address>0xd250</load_address>
         <run_address>0xd250</run_address>
         <size>0xc</size>
         <input_file_ref idref="fl-2"/>
      </object_component>
      <object_component id="oc-236">
         <name>.text</name>
         <load_address>0xd25c</load_address>
         <run_address>0xd25c</run_address>
         <size>0xa</size>
         <input_file_ref idref="fl-30"/>
      </object_component>
      <object_component id="oc-10f">
         <name>.text:_isr:__TI_ISR_TRAP</name>
         <load_address>0xd266</load_address>
         <run_address>0xd266</run_address>
         <size>0x8</size>
         <input_file_ref idref="fl-41"/>
      </object_component>
      <object_component id="oc-143">
         <name>.text:abort</name>
         <load_address>0xd26e</load_address>
         <run_address>0xd26e</run_address>
         <size>0x6</size>
         <input_file_ref idref="fl-29"/>
      </object_component>
      <object_component id="oc-11b">
         <name>.text:_system_pre_init</name>
         <load_address>0xd274</load_address>
         <run_address>0xd274</run_address>
         <size>0x4</size>
         <input_file_ref idref="fl-49"/>
      </object_component>
      <object_component id="oc-1b0">
         <name>.const:.string</name>
         <load_address>0xd278</load_address>
         <run_address>0xd278</run_address>
         <size>0x1a</size>
         <input_file_ref idref="fl-2"/>
      </object_component>
      <object_component id="oc-2da">
         <name>.binit</name>
         <load_address>0xc000</load_address>
         <run_address>0xc000</run_address>
         <size>0x0</size>
      </object_component>
      <object_component id="oc-40">
         <name>.int00</name>
         <load_address>0xffe0</load_address>
         <run_address>0xffe0</run_address>
         <size>0x2</size>
         <input_file_ref idref="fl-34"/>
      </object_component>
      <object_component id="oc-41">
         <name>.int02</name>
         <load_address>0xffe4</load_address>
         <run_address>0xffe4</run_address>
         <size>0x2</size>
         <input_file_ref idref="fl-35"/>
      </object_component>
      <object_component id="oc-42">
         <name>.int03</name>
         <load_address>0xffe6</load_address>
         <run_address>0xffe6</run_address>
         <size>0x2</size>
         <input_file_ref idref="fl-36"/>
      </object_component>
      <object_component id="oc-43">
         <name>.int05</name>
         <load_address>0xffea</load_address>
         <run_address>0xffea</run_address>
         <size>0x2</size>
         <input_file_ref idref="fl-37"/>
      </object_component>
      <object_component id="oc-44">
         <name>.int06</name>
         <load_address>0xffec</load_address>
         <run_address>0xffec</run_address>
         <size>0x2</size>
         <input_file_ref idref="fl-38"/>
      </object_component>
      <object_component id="oc-45">
         <name>.int07</name>
         <load_address>0xffee</load_address>
         <run_address>0xffee</run_address>
         <size>0x2</size>
         <input_file_ref idref="fl-39"/>
      </object_component>
      <object_component id="oc-46">
         <name>.int08</name>
         <load_address>0xfff0</load_address>
         <run_address>0xfff0</run_address>
         <size>0x2</size>
         <input_file_ref idref="fl-3a"/>
      </object_component>
      <object_component id="oc-47">
         <name>.int09</name>
         <load_address>0xfff2</load_address>
         <run_address>0xfff2</run_address>
         <size>0x2</size>
         <input_file_ref idref="fl-3b"/>
      </object_component>
      <object_component id="oc-48">
         <name>.int10</name>
         <load_address>0xfff4</load_address>
         <run_address>0xfff4</run_address>
         <size>0x2</size>
         <input_file_ref idref="fl-3c"/>
      </object_component>
      <object_component id="oc-49">
         <name>.int11</name>
         <load_address>0xfff6</load_address>
         <run_address>0xfff6</run_address>
         <size>0x2</size>
         <input_file_ref idref="fl-3d"/>
      </object_component>
      <object_component id="oc-4a">
         <name>.int12</name>
         <load_address>0xfff8</load_address>
         <run_address>0xfff8</run_address>
         <size>0x2</size>
         <input_file_ref idref="fl-3e"/>
      </object_component>
      <object_component id="oc-4b">
         <name>.int13</name>
         <load_address>0xfffa</load_address>
         <run_address>0xfffa</run_address>
         <size>0x2</size>
         <input_file_ref idref="fl-3f"/>
      </object_component>
      <object_component id="oc-4c">
         <name>.int14</name>
         <load_address>0xfffc</load_address>
         <run_address>0xfffc</run_address>
         <size>0x2</size>
         <input_file_ref idref="fl-40"/>
      </object_component>
      <object_component id="oc-f4">
         <name>.reset</name>
         <load_address>0xfffe</load_address>
         <run_address>0xfffe</run_address>
         <size>0x2</size>
         <input_file_ref idref="fl-20"/>
      </object_component>
      <object_component id="oc-235">
         <name>.debug_info</name>
         <load_address>0x0</load_address>
         <run_address>0x0</run_address>
         <size>0x407</size>
         <input_file_ref idref="fl-2"/>
      </object_component>
      <object_component id="oc-19f">
         <name>.debug_info</name>
         <load_address>0x407</load_address>
         <run_address>0x407</run_address>
         <size>0x127</size>
         <input_file_ref idref="fl-2"/>
      </object_component>
      <object_component id="oc-1be">
         <name>.debug_info</name>
         <load_address>0x52e</load_address>
         <run_address>0x52e</run_address>
         <size>0x155</size>
         <input_file_ref idref="fl-2"/>
      </object_component>
      <object_component id="oc-1b2">
         <name>.debug_info</name>
         <load_address>0x683</load_address>
         <run_address>0x683</run_address>
         <size>0x161</size>
         <input_file_ref idref="fl-2"/>
      </object_component>
      <object_component id="oc-241">
         <name>.debug_info</name>
         <load_address>0x7e4</load_address>
         <run_address>0x7e4</run_address>
         <size>0x1c9</size>
         <input_file_ref idref="fl-2"/>
      </object_component>
      <object_component id="oc-1b9">
         <name>.debug_info</name>
         <load_address>0x9ad</load_address>
         <run_address>0x9ad</run_address>
         <size>0x2a3</size>
         <input_file_ref idref="fl-2"/>
      </object_component>
      <object_component id="oc-13e">
         <name>.debug_info</name>
         <load_address>0xc50</load_address>
         <run_address>0xc50</run_address>
         <size>0x2b1</size>
         <input_file_ref idref="fl-2"/>
      </object_component>
      <object_component id="oc-1c4">
         <name>.debug_info</name>
         <load_address>0xf01</load_address>
         <run_address>0xf01</run_address>
         <size>0x5e</size>
         <input_file_ref idref="fl-2"/>
      </object_component>
      <object_component id="oc-151">
         <name>.debug_info</name>
         <load_address>0xf5f</load_address>
         <run_address>0xf5f</run_address>
         <size>0x84</size>
         <input_file_ref idref="fl-2"/>
      </object_component>
      <object_component id="oc-212">
         <name>.debug_info</name>
         <load_address>0xfe3</load_address>
         <run_address>0xfe3</run_address>
         <size>0x1df</size>
         <input_file_ref idref="fl-3"/>
      </object_component>
      <object_component id="oc-194">
         <name>.debug_info</name>
         <load_address>0x11c2</load_address>
         <run_address>0x11c2</run_address>
         <size>0x112</size>
         <input_file_ref idref="fl-3"/>
      </object_component>
      <object_component id="oc-1ff">
         <name>.debug_info</name>
         <load_address>0x12d4</load_address>
         <run_address>0x12d4</run_address>
         <size>0x12c</size>
         <input_file_ref idref="fl-3"/>
      </object_component>
      <object_component id="oc-207">
         <name>.debug_info</name>
         <load_address>0x1400</load_address>
         <run_address>0x1400</run_address>
         <size>0x166</size>
         <input_file_ref idref="fl-3"/>
      </object_component>
      <object_component id="oc-20d">
         <name>.debug_info</name>
         <load_address>0x1566</load_address>
         <run_address>0x1566</run_address>
         <size>0x158</size>
         <input_file_ref idref="fl-3"/>
      </object_component>
      <object_component id="oc-19a">
         <name>.debug_info</name>
         <load_address>0x16be</load_address>
         <run_address>0x16be</run_address>
         <size>0x15b</size>
         <input_file_ref idref="fl-3"/>
      </object_component>
      <object_component id="oc-1a5">
         <name>.debug_info</name>
         <load_address>0x1819</load_address>
         <run_address>0x1819</run_address>
         <size>0x246</size>
         <input_file_ref idref="fl-3"/>
      </object_component>
      <object_component id="oc-1ab">
         <name>.debug_info</name>
         <load_address>0x1a5f</load_address>
         <run_address>0x1a5f</run_address>
         <size>0x487</size>
         <input_file_ref idref="fl-3"/>
      </object_component>
      <object_component id="oc-29d">
         <name>.debug_info</name>
         <load_address>0x1ee6</load_address>
         <run_address>0x1ee6</run_address>
         <size>0x207</size>
         <input_file_ref idref="fl-1e"/>
      </object_component>
      <object_component id="oc-24c">
         <name>.debug_info</name>
         <load_address>0x20ed</load_address>
         <run_address>0x20ed</run_address>
         <size>0x254</size>
         <input_file_ref idref="fl-1e"/>
      </object_component>
      <object_component id="oc-286">
         <name>.debug_info</name>
         <load_address>0x2341</load_address>
         <run_address>0x2341</run_address>
         <size>0x94</size>
         <input_file_ref idref="fl-1e"/>
      </object_component>
      <object_component id="oc-272">
         <name>.debug_info</name>
         <load_address>0x23d5</load_address>
         <run_address>0x23d5</run_address>
         <size>0x119</size>
         <input_file_ref idref="fl-1f"/>
      </object_component>
      <object_component id="oc-f2">
         <name>.debug_info</name>
         <load_address>0x24ee</load_address>
         <run_address>0x24ee</run_address>
         <size>0xf6</size>
         <input_file_ref idref="fl-20"/>
      </object_component>
      <object_component id="oc-86">
         <name>.debug_info</name>
         <load_address>0x25e4</load_address>
         <run_address>0x25e4</run_address>
         <size>0x194</size>
         <input_file_ref idref="fl-21"/>
      </object_component>
      <object_component id="oc-22e">
         <name>.debug_info</name>
         <load_address>0x2778</load_address>
         <run_address>0x2778</run_address>
         <size>0x1a5</size>
         <input_file_ref idref="fl-22"/>
      </object_component>
      <object_component id="oc-27f">
         <name>.debug_info</name>
         <load_address>0x291d</load_address>
         <run_address>0x291d</run_address>
         <size>0x1e8</size>
         <input_file_ref idref="fl-26"/>
      </object_component>
      <object_component id="oc-229">
         <name>.debug_info</name>
         <load_address>0x2b05</load_address>
         <run_address>0x2b05</run_address>
         <size>0x1c5</size>
         <input_file_ref idref="fl-26"/>
      </object_component>
      <object_component id="oc-280">
         <name>.debug_info</name>
         <load_address>0x2cca</load_address>
         <run_address>0x2cca</run_address>
         <size>0xdb</size>
         <input_file_ref idref="fl-26"/>
      </object_component>
      <object_component id="oc-291">
         <name>.debug_info</name>
         <load_address>0x2da5</load_address>
         <run_address>0x2da5</run_address>
         <size>0x11c</size>
         <input_file_ref idref="fl-27"/>
      </object_component>
      <object_component id="oc-167">
         <name>.debug_info</name>
         <load_address>0x2ec1</load_address>
         <run_address>0x2ec1</run_address>
         <size>0x127</size>
         <input_file_ref idref="fl-28"/>
      </object_component>
      <object_component id="oc-144">
         <name>.debug_info</name>
         <load_address>0x2fe8</load_address>
         <run_address>0x2fe8</run_address>
         <size>0x118</size>
         <input_file_ref idref="fl-29"/>
      </object_component>
      <object_component id="oc-255">
         <name>.debug_info</name>
         <load_address>0x3100</load_address>
         <run_address>0x3100</run_address>
         <size>0x1b6</size>
         <input_file_ref idref="fl-2b"/>
      </object_component>
      <object_component id="oc-2c5">
         <name>.debug_info</name>
         <load_address>0x32b6</load_address>
         <run_address>0x32b6</run_address>
         <size>0x200</size>
         <input_file_ref idref="fl-2c"/>
      </object_component>
      <object_component id="oc-29a">
         <name>.debug_info</name>
         <load_address>0x34b6</load_address>
         <run_address>0x34b6</run_address>
         <size>0x31f</size>
         <input_file_ref idref="fl-2c"/>
      </object_component>
      <object_component id="oc-21e">
         <name>.debug_info</name>
         <load_address>0x37d5</load_address>
         <run_address>0x37d5</run_address>
         <size>0x11a</size>
         <input_file_ref idref="fl-2d"/>
      </object_component>
      <object_component id="oc-223">
         <name>.debug_info</name>
         <load_address>0x38ef</load_address>
         <run_address>0x38ef</run_address>
         <size>0x126</size>
         <input_file_ref idref="fl-2e"/>
      </object_component>
      <object_component id="oc-21b">
         <name>.debug_info</name>
         <load_address>0x3a15</load_address>
         <run_address>0x3a15</run_address>
         <size>0x11a</size>
         <input_file_ref idref="fl-2f"/>
      </object_component>
      <object_component id="oc-237">
         <name>.debug_info</name>
         <load_address>0x3b2f</load_address>
         <run_address>0x3b2f</run_address>
         <size>0x11a</size>
         <input_file_ref idref="fl-30"/>
      </object_component>
      <object_component id="oc-23d">
         <name>.debug_info</name>
         <load_address>0x3c49</load_address>
         <run_address>0x3c49</run_address>
         <size>0x12b</size>
         <input_file_ref idref="fl-31"/>
      </object_component>
      <object_component id="oc-247">
         <name>.debug_info</name>
         <load_address>0x3d74</load_address>
         <run_address>0x3d74</run_address>
         <size>0x120</size>
         <input_file_ref idref="fl-32"/>
      </object_component>
      <object_component id="oc-216">
         <name>.debug_info</name>
         <load_address>0x3e94</load_address>
         <run_address>0x3e94</run_address>
         <size>0x11d</size>
         <input_file_ref idref="fl-33"/>
      </object_component>
      <object_component id="oc-111">
         <name>.debug_info</name>
         <load_address>0x3fb1</load_address>
         <run_address>0x3fb1</run_address>
         <size>0x108</size>
         <input_file_ref idref="fl-41"/>
      </object_component>
      <object_component id="oc-275">
         <name>.debug_info</name>
         <load_address>0x40b9</load_address>
         <run_address>0x40b9</run_address>
         <size>0x119</size>
         <input_file_ref idref="fl-42"/>
      </object_component>
      <object_component id="oc-2b5">
         <name>.debug_info</name>
         <load_address>0x41d2</load_address>
         <run_address>0x41d2</run_address>
         <size>0x119</size>
         <input_file_ref idref="fl-43"/>
      </object_component>
      <object_component id="oc-2a4">
         <name>.debug_info</name>
         <load_address>0x42eb</load_address>
         <run_address>0x42eb</run_address>
         <size>0x11f</size>
         <input_file_ref idref="fl-43"/>
      </object_component>
      <object_component id="oc-29f">
         <name>.debug_info</name>
         <load_address>0x440a</load_address>
         <run_address>0x440a</run_address>
         <size>0x119</size>
         <input_file_ref idref="fl-44"/>
      </object_component>
      <object_component id="oc-2aa">
         <name>.debug_info</name>
         <load_address>0x4523</load_address>
         <run_address>0x4523</run_address>
         <size>0x119</size>
         <input_file_ref idref="fl-45"/>
      </object_component>
      <object_component id="oc-2cf">
         <name>.debug_info</name>
         <load_address>0x463c</load_address>
         <run_address>0x463c</run_address>
         <size>0x11f</size>
         <input_file_ref idref="fl-45"/>
      </object_component>
      <object_component id="oc-11c">
         <name>.debug_info</name>
         <load_address>0x475b</load_address>
         <run_address>0x475b</run_address>
         <size>0x149</size>
         <input_file_ref idref="fl-49"/>
      </object_component>
      <object_component id="oc-2d3">
         <name>.debug_info</name>
         <load_address>0x48a4</load_address>
         <run_address>0x48a4</run_address>
         <size>0x1d2</size>
         <input_file_ref idref="fl-4a"/>
      </object_component>
      <object_component id="oc-2bf">
         <name>.debug_info</name>
         <load_address>0x4a76</load_address>
         <run_address>0x4a76</run_address>
         <size>0x1ef</size>
         <input_file_ref idref="fl-4a"/>
      </object_component>
      <object_component id="oc-2ba">
         <name>.debug_info</name>
         <load_address>0x4c65</load_address>
         <run_address>0x4c65</run_address>
         <size>0x119</size>
         <input_file_ref idref="fl-4d"/>
      </object_component>
      <object_component id="oc-27a">
         <name>.debug_info</name>
         <load_address>0x4d7e</load_address>
         <run_address>0x4d7e</run_address>
         <size>0x11f</size>
         <input_file_ref idref="fl-4d"/>
      </object_component>
      <object_component id="oc-312">
         <name>.debug_info</name>
         <load_address>0x4e9d</load_address>
         <run_address>0x4e9d</run_address>
         <size>0xbd</size>
      </object_component>
      <object_component id="oc-28c">
         <name>.debug_line</name>
         <load_address>0x0</load_address>
         <run_address>0x0</run_address>
         <size>0xaf</size>
         <input_file_ref idref="fl-2"/>
      </object_component>
      <object_component id="oc-1a2">
         <name>.debug_line</name>
         <load_address>0xaf</load_address>
         <run_address>0xaf</run_address>
         <size>0x51</size>
         <input_file_ref idref="fl-2"/>
      </object_component>
      <object_component id="oc-1c1">
         <name>.debug_line</name>
         <load_address>0x100</load_address>
         <run_address>0x100</run_address>
         <size>0x4b</size>
         <input_file_ref idref="fl-2"/>
      </object_component>
      <object_component id="oc-1b6">
         <name>.debug_line</name>
         <load_address>0x14b</load_address>
         <run_address>0x14b</run_address>
         <size>0x52</size>
         <input_file_ref idref="fl-2"/>
      </object_component>
      <object_component id="oc-245">
         <name>.debug_line</name>
         <load_address>0x19d</load_address>
         <run_address>0x19d</run_address>
         <size>0x65</size>
         <input_file_ref idref="fl-2"/>
      </object_component>
      <object_component id="oc-1bc">
         <name>.debug_line</name>
         <load_address>0x202</load_address>
         <run_address>0x202</run_address>
         <size>0x63</size>
         <input_file_ref idref="fl-2"/>
      </object_component>
      <object_component id="oc-13c">
         <name>.debug_line</name>
         <load_address>0x265</load_address>
         <run_address>0x265</run_address>
         <size>0x6c</size>
         <input_file_ref idref="fl-2"/>
      </object_component>
      <object_component id="oc-1c7">
         <name>.debug_line</name>
         <load_address>0x2d1</load_address>
         <run_address>0x2d1</run_address>
         <size>0x34</size>
         <input_file_ref idref="fl-2"/>
      </object_component>
      <object_component id="oc-154">
         <name>.debug_line</name>
         <load_address>0x305</load_address>
         <run_address>0x305</run_address>
         <size>0x20</size>
         <input_file_ref idref="fl-2"/>
      </object_component>
      <object_component id="oc-26a">
         <name>.debug_line</name>
         <load_address>0x325</load_address>
         <run_address>0x325</run_address>
         <size>0x9b</size>
         <input_file_ref idref="fl-3"/>
      </object_component>
      <object_component id="oc-193">
         <name>.debug_line</name>
         <load_address>0x3c0</load_address>
         <run_address>0x3c0</run_address>
         <size>0x41</size>
         <input_file_ref idref="fl-3"/>
      </object_component>
      <object_component id="oc-1fe">
         <name>.debug_line</name>
         <load_address>0x401</load_address>
         <run_address>0x401</run_address>
         <size>0x48</size>
         <input_file_ref idref="fl-3"/>
      </object_component>
      <object_component id="oc-206">
         <name>.debug_line</name>
         <load_address>0x449</load_address>
         <run_address>0x449</run_address>
         <size>0x5e</size>
         <input_file_ref idref="fl-3"/>
      </object_component>
      <object_component id="oc-20c">
         <name>.debug_line</name>
         <load_address>0x4a7</load_address>
         <run_address>0x4a7</run_address>
         <size>0x65</size>
         <input_file_ref idref="fl-3"/>
      </object_component>
      <object_component id="oc-199">
         <name>.debug_line</name>
         <load_address>0x50c</load_address>
         <run_address>0x50c</run_address>
         <size>0x51</size>
         <input_file_ref idref="fl-3"/>
      </object_component>
      <object_component id="oc-1a9">
         <name>.debug_line</name>
         <load_address>0x55d</load_address>
         <run_address>0x55d</run_address>
         <size>0x67</size>
         <input_file_ref idref="fl-3"/>
      </object_component>
      <object_component id="oc-1ae">
         <name>.debug_line</name>
         <load_address>0x5c4</load_address>
         <run_address>0x5c4</run_address>
         <size>0x5d</size>
         <input_file_ref idref="fl-3"/>
      </object_component>
      <object_component id="oc-2c7">
         <name>.debug_line</name>
         <load_address>0x621</load_address>
         <run_address>0x621</run_address>
         <size>0x2d</size>
         <input_file_ref idref="fl-1e"/>
      </object_component>
      <object_component id="oc-24f">
         <name>.debug_line</name>
         <load_address>0x64e</load_address>
         <run_address>0x64e</run_address>
         <size>0xcb</size>
         <input_file_ref idref="fl-1e"/>
      </object_component>
      <object_component id="oc-289">
         <name>.debug_line</name>
         <load_address>0x719</load_address>
         <run_address>0x719</run_address>
         <size>0x2e</size>
         <input_file_ref idref="fl-1e"/>
      </object_component>
      <object_component id="oc-270">
         <name>.debug_line</name>
         <load_address>0x747</load_address>
         <run_address>0x747</run_address>
         <size>0x4e</size>
         <input_file_ref idref="fl-1f"/>
      </object_component>
      <object_component id="oc-150">
         <name>.debug_line</name>
         <load_address>0x795</load_address>
         <run_address>0x795</run_address>
         <size>0x2a</size>
         <input_file_ref idref="fl-20"/>
      </object_component>
      <object_component id="oc-88">
         <name>.debug_line</name>
         <load_address>0x7bf</load_address>
         <run_address>0x7bf</run_address>
         <size>0x47</size>
         <input_file_ref idref="fl-21"/>
      </object_component>
      <object_component id="oc-231">
         <name>.debug_line</name>
         <load_address>0x806</load_address>
         <run_address>0x806</run_address>
         <size>0x75</size>
         <input_file_ref idref="fl-22"/>
      </object_component>
      <object_component id="oc-2b2">
         <name>.debug_line</name>
         <load_address>0x87b</load_address>
         <run_address>0x87b</run_address>
         <size>0x20</size>
         <input_file_ref idref="fl-26"/>
      </object_component>
      <object_component id="oc-22b">
         <name>.debug_line</name>
         <load_address>0x89b</load_address>
         <run_address>0x89b</run_address>
         <size>0x57</size>
         <input_file_ref idref="fl-26"/>
      </object_component>
      <object_component id="oc-283">
         <name>.debug_line</name>
         <load_address>0x8f2</load_address>
         <run_address>0x8f2</run_address>
         <size>0x2e</size>
         <input_file_ref idref="fl-26"/>
      </object_component>
      <object_component id="oc-290">
         <name>.debug_line</name>
         <load_address>0x920</load_address>
         <run_address>0x920</run_address>
         <size>0x64</size>
         <input_file_ref idref="fl-27"/>
      </object_component>
      <object_component id="oc-165">
         <name>.debug_line</name>
         <load_address>0x984</load_address>
         <run_address>0x984</run_address>
         <size>0x40</size>
         <input_file_ref idref="fl-28"/>
      </object_component>
      <object_component id="oc-147">
         <name>.debug_line</name>
         <load_address>0x9c4</load_address>
         <run_address>0x9c4</run_address>
         <size>0x3d</size>
         <input_file_ref idref="fl-29"/>
      </object_component>
      <object_component id="oc-253">
         <name>.debug_line</name>
         <load_address>0xa01</load_address>
         <run_address>0xa01</run_address>
         <size>0x5a</size>
         <input_file_ref idref="fl-2b"/>
      </object_component>
      <object_component id="oc-2d5">
         <name>.debug_line</name>
         <load_address>0xa5b</load_address>
         <run_address>0xa5b</run_address>
         <size>0x2d</size>
         <input_file_ref idref="fl-2c"/>
      </object_component>
      <object_component id="oc-299">
         <name>.debug_line</name>
         <load_address>0xa88</load_address>
         <run_address>0xa88</run_address>
         <size>0xfd</size>
         <input_file_ref idref="fl-2c"/>
      </object_component>
      <object_component id="oc-221">
         <name>.debug_line</name>
         <load_address>0xb85</load_address>
         <run_address>0xb85</run_address>
         <size>0xbb</size>
         <input_file_ref idref="fl-2d"/>
      </object_component>
      <object_component id="oc-226">
         <name>.debug_line</name>
         <load_address>0xc40</load_address>
         <run_address>0xc40</run_address>
         <size>0x5e</size>
         <input_file_ref idref="fl-2e"/>
      </object_component>
      <object_component id="oc-21a">
         <name>.debug_line</name>
         <load_address>0xc9e</load_address>
         <run_address>0xc9e</run_address>
         <size>0x94</size>
         <input_file_ref idref="fl-2f"/>
      </object_component>
      <object_component id="oc-23a">
         <name>.debug_line</name>
         <load_address>0xd32</load_address>
         <run_address>0xd32</run_address>
         <size>0x3f</size>
         <input_file_ref idref="fl-30"/>
      </object_component>
      <object_component id="oc-23c">
         <name>.debug_line</name>
         <load_address>0xd71</load_address>
         <run_address>0xd71</run_address>
         <size>0x5d</size>
         <input_file_ref idref="fl-31"/>
      </object_component>
      <object_component id="oc-24a">
         <name>.debug_line</name>
         <load_address>0xdce</load_address>
         <run_address>0xdce</run_address>
         <size>0x54</size>
         <input_file_ref idref="fl-32"/>
      </object_component>
      <object_component id="oc-214">
         <name>.debug_line</name>
         <load_address>0xe22</load_address>
         <run_address>0xe22</run_address>
         <size>0x4d</size>
         <input_file_ref idref="fl-33"/>
      </object_component>
      <object_component id="oc-113">
         <name>.debug_line</name>
         <load_address>0xe6f</load_address>
         <run_address>0xe6f</run_address>
         <size>0x3d</size>
         <input_file_ref idref="fl-41"/>
      </object_component>
      <object_component id="oc-278">
         <name>.debug_line</name>
         <load_address>0xeac</load_address>
         <run_address>0xeac</run_address>
         <size>0x4e</size>
         <input_file_ref idref="fl-42"/>
      </object_component>
      <object_component id="oc-2b8">
         <name>.debug_line</name>
         <load_address>0xefa</load_address>
         <run_address>0xefa</run_address>
         <size>0x3e</size>
         <input_file_ref idref="fl-43"/>
      </object_component>
      <object_component id="oc-2a7">
         <name>.debug_line</name>
         <load_address>0xf38</load_address>
         <run_address>0xf38</run_address>
         <size>0x56</size>
         <input_file_ref idref="fl-43"/>
      </object_component>
      <object_component id="oc-2a2">
         <name>.debug_line</name>
         <load_address>0xf8e</load_address>
         <run_address>0xf8e</run_address>
         <size>0x5e</size>
         <input_file_ref idref="fl-44"/>
      </object_component>
      <object_component id="oc-2ac">
         <name>.debug_line</name>
         <load_address>0xfec</load_address>
         <run_address>0xfec</run_address>
         <size>0x42</size>
         <input_file_ref idref="fl-45"/>
      </object_component>
      <object_component id="oc-2d1">
         <name>.debug_line</name>
         <load_address>0x102e</load_address>
         <run_address>0x102e</run_address>
         <size>0x65</size>
         <input_file_ref idref="fl-45"/>
      </object_component>
      <object_component id="oc-120">
         <name>.debug_line</name>
         <load_address>0x1093</load_address>
         <run_address>0x1093</run_address>
         <size>0x3e</size>
         <input_file_ref idref="fl-49"/>
      </object_component>
      <object_component id="oc-2d8">
         <name>.debug_line</name>
         <load_address>0x10d1</load_address>
         <run_address>0x10d1</run_address>
         <size>0x20</size>
         <input_file_ref idref="fl-4a"/>
      </object_component>
      <object_component id="oc-2c2">
         <name>.debug_line</name>
         <load_address>0x10f1</load_address>
         <run_address>0x10f1</run_address>
         <size>0x82</size>
         <input_file_ref idref="fl-4a"/>
      </object_component>
      <object_component id="oc-2bd">
         <name>.debug_line</name>
         <load_address>0x1173</load_address>
         <run_address>0x1173</run_address>
         <size>0x3e</size>
         <input_file_ref idref="fl-4d"/>
      </object_component>
      <object_component id="oc-27d">
         <name>.debug_line</name>
         <load_address>0x11b1</load_address>
         <run_address>0x11b1</run_address>
         <size>0x56</size>
         <input_file_ref idref="fl-4d"/>
      </object_component>
      <object_component id="oc-1a3">
         <name>.debug_frame</name>
         <load_address>0x0</load_address>
         <run_address>0x0</run_address>
         <size>0x47</size>
         <input_file_ref idref="fl-2"/>
      </object_component>
      <object_component id="oc-1c2">
         <name>.debug_frame</name>
         <load_address>0x47</load_address>
         <run_address>0x47</run_address>
         <size>0x47</size>
         <input_file_ref idref="fl-2"/>
      </object_component>
      <object_component id="oc-1b5">
         <name>.debug_frame</name>
         <load_address>0x8e</load_address>
         <run_address>0x8e</run_address>
         <size>0x47</size>
         <input_file_ref idref="fl-2"/>
      </object_component>
      <object_component id="oc-244">
         <name>.debug_frame</name>
         <load_address>0xd5</load_address>
         <run_address>0xd5</run_address>
         <size>0x5c</size>
         <input_file_ref idref="fl-2"/>
      </object_component>
      <object_component id="oc-1b8">
         <name>.debug_frame</name>
         <load_address>0x131</load_address>
         <run_address>0x131</run_address>
         <size>0x61</size>
         <input_file_ref idref="fl-2"/>
      </object_component>
      <object_component id="oc-13d">
         <name>.debug_frame</name>
         <load_address>0x192</load_address>
         <run_address>0x192</run_address>
         <size>0x50</size>
         <input_file_ref idref="fl-2"/>
      </object_component>
      <object_component id="oc-197">
         <name>.debug_frame</name>
         <load_address>0x1e2</load_address>
         <run_address>0x1e2</run_address>
         <size>0x47</size>
         <input_file_ref idref="fl-3"/>
      </object_component>
      <object_component id="oc-202">
         <name>.debug_frame</name>
         <load_address>0x229</load_address>
         <run_address>0x229</run_address>
         <size>0x47</size>
         <input_file_ref idref="fl-3"/>
      </object_component>
      <object_component id="oc-20a">
         <name>.debug_frame</name>
         <load_address>0x270</load_address>
         <run_address>0x270</run_address>
         <size>0x47</size>
         <input_file_ref idref="fl-3"/>
      </object_component>
      <object_component id="oc-210">
         <name>.debug_frame</name>
         <load_address>0x2b7</load_address>
         <run_address>0x2b7</run_address>
         <size>0x47</size>
         <input_file_ref idref="fl-3"/>
      </object_component>
      <object_component id="oc-19d">
         <name>.debug_frame</name>
         <load_address>0x2fe</load_address>
         <run_address>0x2fe</run_address>
         <size>0x47</size>
         <input_file_ref idref="fl-3"/>
      </object_component>
      <object_component id="oc-1a8">
         <name>.debug_frame</name>
         <load_address>0x345</load_address>
         <run_address>0x345</run_address>
         <size>0x50</size>
         <input_file_ref idref="fl-3"/>
      </object_component>
      <object_component id="oc-1af">
         <name>.debug_frame</name>
         <load_address>0x395</load_address>
         <run_address>0x395</run_address>
         <size>0x71</size>
         <input_file_ref idref="fl-3"/>
      </object_component>
      <object_component id="oc-250">
         <name>.debug_frame</name>
         <load_address>0x406</load_address>
         <run_address>0x406</run_address>
         <size>0x73</size>
         <input_file_ref idref="fl-1e"/>
      </object_component>
      <object_component id="oc-85">
         <name>.debug_frame</name>
         <load_address>0x479</load_address>
         <run_address>0x479</run_address>
         <size>0x42</size>
         <input_file_ref idref="fl-21"/>
      </object_component>
      <object_component id="oc-232">
         <name>.debug_frame</name>
         <load_address>0x4bb</load_address>
         <run_address>0x4bb</run_address>
         <size>0x5a</size>
         <input_file_ref idref="fl-22"/>
      </object_component>
      <object_component id="oc-22c">
         <name>.debug_frame</name>
         <load_address>0x515</load_address>
         <run_address>0x515</run_address>
         <size>0x56</size>
         <input_file_ref idref="fl-26"/>
      </object_component>
      <object_component id="oc-148">
         <name>.debug_frame</name>
         <load_address>0x56b</load_address>
         <run_address>0x56b</run_address>
         <size>0x47</size>
         <input_file_ref idref="fl-29"/>
      </object_component>
      <object_component id="oc-252">
         <name>.debug_frame</name>
         <load_address>0x5b2</load_address>
         <run_address>0x5b2</run_address>
         <size>0x50</size>
         <input_file_ref idref="fl-2b"/>
      </object_component>
      <object_component id="oc-297">
         <name>.debug_frame</name>
         <load_address>0x602</load_address>
         <run_address>0x602</run_address>
         <size>0x72</size>
         <input_file_ref idref="fl-2c"/>
      </object_component>
      <object_component id="oc-11f">
         <name>.debug_frame</name>
         <load_address>0x674</load_address>
         <run_address>0x674</run_address>
         <size>0x47</size>
         <input_file_ref idref="fl-49"/>
      </object_component>
      <object_component id="oc-2c3">
         <name>.debug_frame</name>
         <load_address>0x6bb</load_address>
         <run_address>0x6bb</run_address>
         <size>0x65</size>
         <input_file_ref idref="fl-4a"/>
      </object_component>
      <object_component id="oc-28b">
         <name>.debug_abbrev</name>
         <load_address>0x0</load_address>
         <run_address>0x0</run_address>
         <size>0xbe</size>
         <input_file_ref idref="fl-2"/>
      </object_component>
      <object_component id="oc-204">
         <name>.debug_abbrev</name>
         <load_address>0xbe</load_address>
         <run_address>0xbe</run_address>
         <size>0x50</size>
         <input_file_ref idref="fl-2"/>
      </object_component>
      <object_component id="oc-258">
         <name>.debug_abbrev</name>
         <load_address>0x10e</load_address>
         <run_address>0x10e</run_address>
         <size>0x6c</size>
         <input_file_ref idref="fl-2"/>
      </object_component>
      <object_component id="oc-234">
         <name>.debug_abbrev</name>
         <load_address>0x17a</load_address>
         <run_address>0x17a</run_address>
         <size>0x6c</size>
         <input_file_ref idref="fl-2"/>
      </object_component>
      <object_component id="oc-294">
         <name>.debug_abbrev</name>
         <load_address>0x1e6</load_address>
         <run_address>0x1e6</run_address>
         <size>0x7a</size>
         <input_file_ref idref="fl-2"/>
      </object_component>
      <object_component id="oc-257">
         <name>.debug_abbrev</name>
         <load_address>0x260</load_address>
         <run_address>0x260</run_address>
         <size>0x7a</size>
         <input_file_ref idref="fl-2"/>
      </object_component>
      <object_component id="oc-1c3">
         <name>.debug_abbrev</name>
         <load_address>0x2da</load_address>
         <run_address>0x2da</run_address>
         <size>0x60</size>
         <input_file_ref idref="fl-2"/>
      </object_component>
      <object_component id="oc-1c6">
         <name>.debug_abbrev</name>
         <load_address>0x33a</load_address>
         <run_address>0x33a</run_address>
         <size>0x49</size>
         <input_file_ref idref="fl-2"/>
      </object_component>
      <object_component id="oc-153">
         <name>.debug_abbrev</name>
         <load_address>0x383</load_address>
         <run_address>0x383</run_address>
         <size>0x1f</size>
         <input_file_ref idref="fl-2"/>
      </object_component>
      <object_component id="oc-269">
         <name>.debug_abbrev</name>
         <load_address>0x3a2</load_address>
         <run_address>0x3a2</run_address>
         <size>0x68</size>
         <input_file_ref idref="fl-3"/>
      </object_component>
      <object_component id="oc-1fc">
         <name>.debug_abbrev</name>
         <load_address>0x40a</load_address>
         <run_address>0x40a</run_address>
         <size>0x50</size>
         <input_file_ref idref="fl-3"/>
      </object_component>
      <object_component id="oc-266">
         <name>.debug_abbrev</name>
         <load_address>0x45a</load_address>
         <run_address>0x45a</run_address>
         <size>0x50</size>
         <input_file_ref idref="fl-3"/>
      </object_component>
      <object_component id="oc-267">
         <name>.debug_abbrev</name>
         <load_address>0x4aa</load_address>
         <run_address>0x4aa</run_address>
         <size>0x6e</size>
         <input_file_ref idref="fl-3"/>
      </object_component>
      <object_component id="oc-268">
         <name>.debug_abbrev</name>
         <load_address>0x518</load_address>
         <run_address>0x518</run_address>
         <size>0x6e</size>
         <input_file_ref idref="fl-3"/>
      </object_component>
      <object_component id="oc-203">
         <name>.debug_abbrev</name>
         <load_address>0x586</load_address>
         <run_address>0x586</run_address>
         <size>0x6c</size>
         <input_file_ref idref="fl-3"/>
      </object_component>
      <object_component id="oc-211">
         <name>.debug_abbrev</name>
         <load_address>0x5f2</load_address>
         <run_address>0x5f2</run_address>
         <size>0x7c</size>
         <input_file_ref idref="fl-3"/>
      </object_component>
      <object_component id="oc-233">
         <name>.debug_abbrev</name>
         <load_address>0x66e</load_address>
         <run_address>0x66e</run_address>
         <size>0x7c</size>
         <input_file_ref idref="fl-3"/>
      </object_component>
      <object_component id="oc-2c6">
         <name>.debug_abbrev</name>
         <load_address>0x6ea</load_address>
         <run_address>0x6ea</run_address>
         <size>0x66</size>
         <input_file_ref idref="fl-1e"/>
      </object_component>
      <object_component id="oc-29c">
         <name>.debug_abbrev</name>
         <load_address>0x750</load_address>
         <run_address>0x750</run_address>
         <size>0x7f</size>
         <input_file_ref idref="fl-1e"/>
      </object_component>
      <object_component id="oc-288">
         <name>.debug_abbrev</name>
         <load_address>0x7cf</load_address>
         <run_address>0x7cf</run_address>
         <size>0x70</size>
         <input_file_ref idref="fl-1e"/>
      </object_component>
      <object_component id="oc-2ae">
         <name>.debug_abbrev</name>
         <load_address>0x83f</load_address>
         <run_address>0x83f</run_address>
         <size>0x3c</size>
         <input_file_ref idref="fl-1f"/>
      </object_component>
      <object_component id="oc-14f">
         <name>.debug_abbrev</name>
         <load_address>0x87b</load_address>
         <run_address>0x87b</run_address>
         <size>0x29</size>
         <input_file_ref idref="fl-20"/>
      </object_component>
      <object_component id="oc-14d">
         <name>.debug_abbrev</name>
         <load_address>0x8a4</load_address>
         <run_address>0x8a4</run_address>
         <size>0x58</size>
         <input_file_ref idref="fl-21"/>
      </object_component>
      <object_component id="oc-285">
         <name>.debug_abbrev</name>
         <load_address>0x8fc</load_address>
         <run_address>0x8fc</run_address>
         <size>0x71</size>
         <input_file_ref idref="fl-22"/>
      </object_component>
      <object_component id="oc-2b1">
         <name>.debug_abbrev</name>
         <load_address>0x96d</load_address>
         <run_address>0x96d</run_address>
         <size>0x50</size>
         <input_file_ref idref="fl-26"/>
      </object_component>
      <object_component id="oc-27e">
         <name>.debug_abbrev</name>
         <load_address>0x9bd</load_address>
         <run_address>0x9bd</run_address>
         <size>0x7f</size>
         <input_file_ref idref="fl-26"/>
      </object_component>
      <object_component id="oc-282">
         <name>.debug_abbrev</name>
         <load_address>0xa3c</load_address>
         <run_address>0xa3c</run_address>
         <size>0xa8</size>
         <input_file_ref idref="fl-26"/>
      </object_component>
      <object_component id="oc-2b3">
         <name>.debug_abbrev</name>
         <load_address>0xae4</load_address>
         <run_address>0xae4</run_address>
         <size>0x3c</size>
         <input_file_ref idref="fl-27"/>
      </object_component>
      <object_component id="oc-1cc">
         <name>.debug_abbrev</name>
         <load_address>0xb20</load_address>
         <run_address>0xb20</run_address>
         <size>0x3a</size>
         <input_file_ref idref="fl-28"/>
      </object_component>
      <object_component id="oc-1c9">
         <name>.debug_abbrev</name>
         <load_address>0xb5a</load_address>
         <run_address>0xb5a</run_address>
         <size>0x45</size>
         <input_file_ref idref="fl-29"/>
      </object_component>
      <object_component id="oc-2ad">
         <name>.debug_abbrev</name>
         <load_address>0xb9f</load_address>
         <run_address>0xb9f</run_address>
         <size>0x7f</size>
         <input_file_ref idref="fl-2b"/>
      </object_component>
      <object_component id="oc-2d4">
         <name>.debug_abbrev</name>
         <load_address>0xc1e</load_address>
         <run_address>0xc1e</run_address>
         <size>0x66</size>
         <input_file_ref idref="fl-2c"/>
      </object_component>
      <object_component id="oc-2c4">
         <name>.debug_abbrev</name>
         <load_address>0xc84</load_address>
         <run_address>0xc84</run_address>
         <size>0x7f</size>
         <input_file_ref idref="fl-2c"/>
      </object_component>
      <object_component id="oc-26d">
         <name>.debug_abbrev</name>
         <load_address>0xd03</load_address>
         <run_address>0xd03</run_address>
         <size>0x3c</size>
         <input_file_ref idref="fl-2d"/>
      </object_component>
      <object_component id="oc-26e">
         <name>.debug_abbrev</name>
         <load_address>0xd3f</load_address>
         <run_address>0xd3f</run_address>
         <size>0x3c</size>
         <input_file_ref idref="fl-2e"/>
      </object_component>
      <object_component id="oc-26c">
         <name>.debug_abbrev</name>
         <load_address>0xd7b</load_address>
         <run_address>0xd7b</run_address>
         <size>0x3c</size>
         <input_file_ref idref="fl-2f"/>
      </object_component>
      <object_component id="oc-28d">
         <name>.debug_abbrev</name>
         <load_address>0xdb7</load_address>
         <run_address>0xdb7</run_address>
         <size>0x3c</size>
         <input_file_ref idref="fl-30"/>
      </object_component>
      <object_component id="oc-28e">
         <name>.debug_abbrev</name>
         <load_address>0xdf3</load_address>
         <run_address>0xdf3</run_address>
         <size>0x3c</size>
         <input_file_ref idref="fl-31"/>
      </object_component>
      <object_component id="oc-295">
         <name>.debug_abbrev</name>
         <load_address>0xe2f</load_address>
         <run_address>0xe2f</run_address>
         <size>0x3c</size>
         <input_file_ref idref="fl-32"/>
      </object_component>
      <object_component id="oc-26b">
         <name>.debug_abbrev</name>
         <load_address>0xe6b</load_address>
         <run_address>0xe6b</run_address>
         <size>0x3c</size>
         <input_file_ref idref="fl-33"/>
      </object_component>
      <object_component id="oc-16c">
         <name>.debug_abbrev</name>
         <load_address>0xea7</load_address>
         <run_address>0xea7</run_address>
         <size>0x28</size>
         <input_file_ref idref="fl-41"/>
      </object_component>
      <object_component id="oc-2af">
         <name>.debug_abbrev</name>
         <load_address>0xecf</load_address>
         <run_address>0xecf</run_address>
         <size>0x3c</size>
         <input_file_ref idref="fl-42"/>
      </object_component>
      <object_component id="oc-2cb">
         <name>.debug_abbrev</name>
         <load_address>0xf0b</load_address>
         <run_address>0xf0b</run_address>
         <size>0x3c</size>
         <input_file_ref idref="fl-43"/>
      </object_component>
      <object_component id="oc-2c9">
         <name>.debug_abbrev</name>
         <load_address>0xf47</load_address>
         <run_address>0xf47</run_address>
         <size>0x3c</size>
         <input_file_ref idref="fl-43"/>
      </object_component>
      <object_component id="oc-2c8">
         <name>.debug_abbrev</name>
         <load_address>0xf83</load_address>
         <run_address>0xf83</run_address>
         <size>0x3c</size>
         <input_file_ref idref="fl-44"/>
      </object_component>
      <object_component id="oc-2ca">
         <name>.debug_abbrev</name>
         <load_address>0xfbf</load_address>
         <run_address>0xfbf</run_address>
         <size>0x3c</size>
         <input_file_ref idref="fl-45"/>
      </object_component>
      <object_component id="oc-2d6">
         <name>.debug_abbrev</name>
         <load_address>0xffb</load_address>
         <run_address>0xffb</run_address>
         <size>0x3c</size>
         <input_file_ref idref="fl-45"/>
      </object_component>
      <object_component id="oc-16f">
         <name>.debug_abbrev</name>
         <load_address>0x1037</load_address>
         <run_address>0x1037</run_address>
         <size>0x55</size>
         <input_file_ref idref="fl-49"/>
      </object_component>
      <object_component id="oc-2d7">
         <name>.debug_abbrev</name>
         <load_address>0x108c</load_address>
         <run_address>0x108c</run_address>
         <size>0x4e</size>
         <input_file_ref idref="fl-4a"/>
      </object_component>
      <object_component id="oc-2d2">
         <name>.debug_abbrev</name>
         <load_address>0x10da</load_address>
         <run_address>0x10da</run_address>
         <size>0x7f</size>
         <input_file_ref idref="fl-4a"/>
      </object_component>
      <object_component id="oc-2cc">
         <name>.debug_abbrev</name>
         <load_address>0x1159</load_address>
         <run_address>0x1159</run_address>
         <size>0x3c</size>
         <input_file_ref idref="fl-4d"/>
      </object_component>
      <object_component id="oc-2b0">
         <name>.debug_abbrev</name>
         <load_address>0x1195</load_address>
         <run_address>0x1195</run_address>
         <size>0x3c</size>
         <input_file_ref idref="fl-4d"/>
      </object_component>
      <object_component id="oc-313">
         <name>.debug_abbrev</name>
         <load_address>0x11d1</load_address>
         <run_address>0x11d1</run_address>
         <size>0xf</size>
      </object_component>
      <object_component id="oc-1c8">
         <name>.debug_str</name>
         <load_address>0x0</load_address>
         <run_address>0x0</run_address>
         <size>0xc9</size>
         <input_file_ref idref="fl-2"/>
      </object_component>
      <object_component id="oc-155">
         <name>.debug_str</name>
         <load_address>0xc9</load_address>
         <run_address>0xc9</run_address>
         <size>0xfb</size>
         <input_file_ref idref="fl-2"/>
      </object_component>
      <object_component id="oc-28a">
         <name>.debug_str</name>
         <load_address>0x1c4</load_address>
         <run_address>0x1c4</run_address>
         <size>0xed</size>
         <input_file_ref idref="fl-1e"/>
      </object_component>
      <object_component id="oc-284">
         <name>.debug_str</name>
         <load_address>0x2b1</load_address>
         <run_address>0x2b1</run_address>
         <size>0x103</size>
         <input_file_ref idref="fl-26"/>
      </object_component>
      <object_component id="oc-1a1">
         <name>.debug_aranges</name>
         <load_address>0x0</load_address>
         <run_address>0x0</run_address>
         <size>0x20</size>
         <input_file_ref idref="fl-2"/>
      </object_component>
      <object_component id="oc-1bf">
         <name>.debug_aranges</name>
         <load_address>0x20</load_address>
         <run_address>0x20</run_address>
         <size>0x20</size>
         <input_file_ref idref="fl-2"/>
      </object_component>
      <object_component id="oc-1b3">
         <name>.debug_aranges</name>
         <load_address>0x40</load_address>
         <run_address>0x40</run_address>
         <size>0x20</size>
         <input_file_ref idref="fl-2"/>
      </object_component>
      <object_component id="oc-242">
         <name>.debug_aranges</name>
         <load_address>0x60</load_address>
         <run_address>0x60</run_address>
         <size>0x20</size>
         <input_file_ref idref="fl-2"/>
      </object_component>
      <object_component id="oc-1bb">
         <name>.debug_aranges</name>
         <load_address>0x80</load_address>
         <run_address>0x80</run_address>
         <size>0x20</size>
         <input_file_ref idref="fl-2"/>
      </object_component>
      <object_component id="oc-140">
         <name>.debug_aranges</name>
         <load_address>0xa0</load_address>
         <run_address>0xa0</run_address>
         <size>0x20</size>
         <input_file_ref idref="fl-2"/>
      </object_component>
      <object_component id="oc-195">
         <name>.debug_aranges</name>
         <load_address>0xc0</load_address>
         <run_address>0xc0</run_address>
         <size>0x20</size>
         <input_file_ref idref="fl-3"/>
      </object_component>
      <object_component id="oc-200">
         <name>.debug_aranges</name>
         <load_address>0xe0</load_address>
         <run_address>0xe0</run_address>
         <size>0x20</size>
         <input_file_ref idref="fl-3"/>
      </object_component>
      <object_component id="oc-208">
         <name>.debug_aranges</name>
         <load_address>0x100</load_address>
         <run_address>0x100</run_address>
         <size>0x20</size>
         <input_file_ref idref="fl-3"/>
      </object_component>
      <object_component id="oc-20e">
         <name>.debug_aranges</name>
         <load_address>0x120</load_address>
         <run_address>0x120</run_address>
         <size>0x20</size>
         <input_file_ref idref="fl-3"/>
      </object_component>
      <object_component id="oc-19b">
         <name>.debug_aranges</name>
         <load_address>0x140</load_address>
         <run_address>0x140</run_address>
         <size>0x20</size>
         <input_file_ref idref="fl-3"/>
      </object_component>
      <object_component id="oc-1a6">
         <name>.debug_aranges</name>
         <load_address>0x160</load_address>
         <run_address>0x160</run_address>
         <size>0x20</size>
         <input_file_ref idref="fl-3"/>
      </object_component>
      <object_component id="oc-1ad">
         <name>.debug_aranges</name>
         <load_address>0x180</load_address>
         <run_address>0x180</run_address>
         <size>0x20</size>
         <input_file_ref idref="fl-3"/>
      </object_component>
      <object_component id="oc-24d">
         <name>.debug_aranges</name>
         <load_address>0x1a0</load_address>
         <run_address>0x1a0</run_address>
         <size>0x20</size>
         <input_file_ref idref="fl-1e"/>
      </object_component>
      <object_component id="oc-271">
         <name>.debug_aranges</name>
         <load_address>0x1c0</load_address>
         <run_address>0x1c0</run_address>
         <size>0x20</size>
         <input_file_ref idref="fl-1f"/>
      </object_component>
      <object_component id="oc-84">
         <name>.debug_aranges</name>
         <load_address>0x1e0</load_address>
         <run_address>0x1e0</run_address>
         <size>0x20</size>
         <input_file_ref idref="fl-21"/>
      </object_component>
      <object_component id="oc-230">
         <name>.debug_aranges</name>
         <load_address>0x200</load_address>
         <run_address>0x200</run_address>
         <size>0x20</size>
         <input_file_ref idref="fl-22"/>
      </object_component>
      <object_component id="oc-228">
         <name>.debug_aranges</name>
         <load_address>0x220</load_address>
         <run_address>0x220</run_address>
         <size>0x20</size>
         <input_file_ref idref="fl-26"/>
      </object_component>
      <object_component id="oc-293">
         <name>.debug_aranges</name>
         <load_address>0x240</load_address>
         <run_address>0x240</run_address>
         <size>0x20</size>
         <input_file_ref idref="fl-27"/>
      </object_component>
      <object_component id="oc-166">
         <name>.debug_aranges</name>
         <load_address>0x260</load_address>
         <run_address>0x260</run_address>
         <size>0x20</size>
         <input_file_ref idref="fl-28"/>
      </object_component>
      <object_component id="oc-146">
         <name>.debug_aranges</name>
         <load_address>0x280</load_address>
         <run_address>0x280</run_address>
         <size>0x20</size>
         <input_file_ref idref="fl-29"/>
      </object_component>
      <object_component id="oc-254">
         <name>.debug_aranges</name>
         <load_address>0x2a0</load_address>
         <run_address>0x2a0</run_address>
         <size>0x20</size>
         <input_file_ref idref="fl-2b"/>
      </object_component>
      <object_component id="oc-298">
         <name>.debug_aranges</name>
         <load_address>0x2c0</load_address>
         <run_address>0x2c0</run_address>
         <size>0x20</size>
         <input_file_ref idref="fl-2c"/>
      </object_component>
      <object_component id="oc-21f">
         <name>.debug_aranges</name>
         <load_address>0x2e0</load_address>
         <run_address>0x2e0</run_address>
         <size>0x20</size>
         <input_file_ref idref="fl-2d"/>
      </object_component>
      <object_component id="oc-225">
         <name>.debug_aranges</name>
         <load_address>0x300</load_address>
         <run_address>0x300</run_address>
         <size>0x20</size>
         <input_file_ref idref="fl-2e"/>
      </object_component>
[...]
         <name>__mspabi_srai_12</name>
         <value>0xd168</value>
         <object_component_ref idref="oc-26f"/>
      </symbol>
      <symbol id="sm-175">
         <name>__mspabi_srai_11</name>
         <value>0xd16a</value>
         <object_component_ref idref="oc-26f"/>
      </symbol>
      <symbol id="sm-176">
         <name>__mspabi_srai_10</name>
         <value>0xd16c</value>
         <object_component_ref idref="oc-26f"/>
      </symbol>
      <symbol id="sm-17e">
         <name>_stack</name>
         <value>0x3b0</value>
         <object_component_ref idref="oc-f1"/>
      </symbol>
      <symbol id="sm-17f">
         <name>_reset_vector</name>
         <value>0xfffe</value>
         <object_component_ref idref="oc-f4"/>
      </symbol>
      <symbol id="sm-188">
         <name>_c_int00_noinit_noargs_noexit</name>
         <value>0xd1fc</value>
         <object_component_ref idref="oc-83"/>
      </symbol>
      <symbol id="sm-1a2">
         <name>__mspabi_cmpd</name>
         <value>0xc8ae</value>
         <object_component_ref idref="oc-22d"/>
      </symbol>
      <symbol id="sm-1bb">
         <name>__mspabi_cvtfd</name>
         <value>0xcd8e</value>
         <object_component_ref idref="oc-227"/>
      </symbol>
      <symbol id="sm-1c9">
         <name>__mspabi_remul</name>
         <value>0xceca</value>
         <object_component_ref idref="oc-28f"/>
      </symbol>
      <symbol id="sm-1ca">
         <name>__mspabi_divul</name>
         <value>0xceca</value>
         <object_component_ref idref="oc-28f"/>
      </symbol>
      <symbol id="sm-1d3">
         <name>__mspabi_func_epilog_2</name>
         <value>0xd24a</value>
         <object_component_ref idref="oc-164"/>
      </symbol>
      <symbol id="sm-1d4">
         <name>__mspabi_func_epilog_3</name>
         <value>0xd248</value>
         <object_component_ref idref="oc-164"/>
      </symbol>
      <symbol id="sm-1d5">
         <name>__mspabi_func_epilog_1</name>
         <value>0xd24c</value>
         <object_component_ref idref="oc-164"/>
      </symbol>
      <symbol id="sm-1d6">
         <name>__mspabi_func_epilog_6</name>
         <value>0xd242</value>
         <object_component_ref idref="oc-164"/>
      </symbol>
      <symbol id="sm-1d7">
         <name>__mspabi_func_epilog_7</name>
         <value>0xd240</value>
         <object_component_ref idref="oc-164"/>
      </symbol>
      <symbol id="sm-1d8">
         <name>__mspabi_func_epilog_4</name>
         <value>0xd246</value>
         <object_component_ref idref="oc-164"/>
      </symbol>
      <symbol id="sm-1d9">
         <name>__mspabi_func_epilog_5</name>
         <value>0xd244</value>
         <object_component_ref idref="oc-164"/>
      </symbol>
      <symbol id="sm-1e3">
         <name>C$$EXIT</name>
         <value>0xd26e</value>
         <object_component_ref idref="oc-143"/>
      </symbol>
      <symbol id="sm-1e4">
         <name>abort</name>
         <value>0xd26e</value>
         <object_component_ref idref="oc-143"/>
      </symbol>
      <symbol id="sm-1f5">
         <name>__mspabi_fixdul</name>
         <value>0xcd1a</value>
         <object_component_ref idref="oc-251"/>
      </symbol>
      <symbol id="sm-216">
         <name>__TI_frcaddd</name>
         <value>0xc2e8</value>
         <object_component_ref idref="oc-296"/>
      </symbol>
      <symbol id="sm-231">
         <name>__mspabi_subf</name>
         <value>0xc68c</value>
         <object_component_ref idref="oc-21d"/>
      </symbol>
      <symbol id="sm-232">
         <name>__mspabi_addf</name>
         <value>0xc692</value>
         <object_component_ref idref="oc-21d"/>
      </symbol>
      <symbol id="sm-242">
         <name>__mspabi_cmpf</name>
         <value>0xcfba</value>
         <object_component_ref idref="oc-222"/>
      </symbol>
      <symbol id="sm-259">
         <name>__mspabi_mpyf</name>
         <value>0xc98a</value>
         <object_component_ref idref="oc-218"/>
      </symbol>
      <symbol id="sm-262">
         <name>__mspabi_negf</name>
         <value>0xd25c</value>
         <object_component_ref idref="oc-236"/>
      </symbol>
      <symbol id="sm-271">
         <name>__mspabi_fixful</name>
         <value>0xcf22</value>
         <object_component_ref idref="oc-23b"/>
      </symbol>
      <symbol id="sm-27d">
         <name>__mspabi_fltulf</name>
         <value>0xd124</value>
         <object_component_ref idref="oc-246"/>
      </symbol>
      <symbol id="sm-288">
         <name>__mspabi_fltuf</name>
         <value>0xd1ae</value>
         <object_component_ref idref="oc-213"/>
      </symbol>
      <symbol id="sm-28b">
         <name>__TI_int00</name>
         <value>0xffe0</value>
         <object_component_ref idref="oc-40"/>
      </symbol>
      <symbol id="sm-28e">
         <name>__TI_int02</name>
         <value>0xffe4</value>
         <object_component_ref idref="oc-41"/>
      </symbol>
      <symbol id="sm-291">
         <name>__TI_int03</name>
         <value>0xffe6</value>
         <object_component_ref idref="oc-42"/>
      </symbol>
      <symbol id="sm-294">
         <name>__TI_int05</name>
         <value>0xffea</value>
         <object_component_ref idref="oc-43"/>
      </symbol>
      <symbol id="sm-297">
         <name>__TI_int06</name>
         <value>0xffec</value>
         <object_component_ref idref="oc-44"/>
      </symbol>
      <symbol id="sm-29a">
         <name>__TI_int07</name>
         <value>0xffee</value>
         <object_component_ref idref="oc-45"/>
      </symbol>
      <symbol id="sm-29d">
         <name>__TI_int08</name>
         <value>0xfff0</value>
         <object_component_ref idref="oc-46"/>
      </symbol>
      <symbol id="sm-2a0">
         <name>__TI_int09</name>
         <value>0xfff2</value>
         <object_component_ref idref="oc-47"/>
      </symbol>
      <symbol id="sm-2a3">
         <name>__TI_int10</name>
         <value>0xfff4</value>
         <object_component_ref idref="oc-48"/>
      </symbol>
      <symbol id="sm-2a6">
         <name>__TI_int11</name>
         <value>0xfff6</value>
         <object_component_ref idref="oc-49"/>
      </symbol>
      <symbol id="sm-2a9">
         <name>__TI_int12</name>
         <value>0xfff8</value>
         <object_component_ref idref="oc-4a"/>
      </symbol>
      <symbol id="sm-2ac">
         <name>__TI_int13</name>
         <value>0xfffa</value>
         <object_component_ref idref="oc-4b"/>
      </symbol>
      <symbol id="sm-2af">
         <name>__TI_int14</name>
         <value>0xfffc</value>
         <object_component_ref idref="oc-4c"/>
      </symbol>
      <symbol id="sm-2b7">
         <name>__TI_ISR_TRAP</name>
         <value>0xd266</value>
         <object_component_ref idref="oc-10f"/>
      </symbol>
      <symbol id="sm-2bf">
         <name>__mspabi_slli</name>
         <value>0xd182</value>
         <object_component_ref idref="oc-274"/>
      </symbol>
      <symbol id="sm-2c0">
         <name>__mspabi_slli_9</name>
         <value>0xd19a</value>
         <object_component_ref idref="oc-274"/>
      </symbol>
      <symbol id="sm-2c1">
         <name>__mspabi_slli_8</name>
         <value>0xd19c</value>
         <object_component_ref idref="oc-274"/>
      </symbol>
      <symbol id="sm-2c2">
         <name>__mspabi_slli_7</name>
         <value>0xd19e</value>
         <object_component_ref idref="oc-274"/>
      </symbol>
      <symbol id="sm-2c3">
         <name>__mspabi_slli_6</name>
         <value>0xd1a0</value>
         <object_component_ref idref="oc-274"/>
      </symbol>
      <symbol id="sm-2c4">
         <name>__mspabi_slli_5</name>
         <value>0xd1a2</value>
         <object_component_ref idref="oc-274"/>
      </symbol>
      <symbol id="sm-2c5">
         <name>__mspabi_slli_4</name>
         <value>0xd1a4</value>
         <object_component_ref idref="oc-274"/>
      </symbol>
      <symbol id="sm-2c6">
         <name>__mspabi_slli_3</name>
         <value>0xd1a6</value>
         <object_component_ref idref="oc-274"/>
      </symbol>
      <symbol id="sm-2c7">
         <name>__mspabi_slli_2</name>
         <value>0xd1a8</value>
         <object_component_ref idref="oc-274"/>
      </symbol>
      <symbol id="sm-2c8">
         <name>__mspabi_slli_1</name>
         <value>0xd1aa</value>
         <object_component_ref idref="oc-274"/>
      </symbol>
      <symbol id="sm-2c9">
         <name>__mspabi_slli_15</name>
         <value>0xd18e</value>
         <object_component_ref idref="oc-274"/>
      </symbol>
      <symbol id="sm-2ca">
         <name>__mspabi_slli_14</name>
         <value>0xd190</value>
         <object_component_ref idref="oc-274"/>
      </symbol>
      <symbol id="sm-2cb">
         <name>__mspabi_slli_13</name>
         <value>0xd192</value>
         <object_component_ref idref="oc-274"/>
      </symbol>
      <symbol id="sm-2cc">
         <name>__mspabi_slli_12</name>
         <value>0xd194</value>
         <object_component_ref idref="oc-274"/>
      </symbol>
      <symbol id="sm-2cd">
         <name>__mspabi_slli_11</name>
         <value>0xd196</value>
         <object_component_ref idref="oc-274"/>
      </symbol>
      <symbol id="sm-2ce">
         <name>__mspabi_slli_10</name>
         <value>0xd198</value>
         <object_component_ref idref="oc-274"/>
      </symbol>
      <symbol id="sm-2de">
         <name>__mspabi_slll_9</name>
         <value>0xd098</value>
         <object_component_ref idref="oc-2a3"/>
      </symbol>
      <symbol id="sm-2df">
         <name>__mspabi_slll_8</name>
         <value>0xd09c</value>
         <object_component_ref idref="oc-2a3"/>
      </symbol>
      <symbol id="sm-2e0">
         <name>__mspabi_slll_7</name>
         <value>0xd0a0</value>
         <object_component_ref idref="oc-2a3"/>
      </symbol>
      <symbol id="sm-2e1">
         <name>__mspabi_slll_6</name>
         <value>0xd0a4</value>
         <object_component_ref idref="oc-2a3"/>
      </symbol>
      <symbol id="sm-2e2">
         <name>__mspabi_slll_5</name>
         <value>0xd0a8</value>
         <object_component_ref idref="oc-2a3"/>
      </symbol>
      <symbol id="sm-2e3">
         <name>__mspabi_slll_4</name>
         <value>0xd0ac</value>
         <object_component_ref idref="oc-2a3"/>
      </symbol>
      <symbol id="sm-2e4">
         <name>__mspabi_slll_3</name>
         <value>0xd0b0</value>
         <object_component_ref idref="oc-2a3"/>
      </symbol>
      <symbol id="sm-2e5">
         <name>__mspabi_slll_2</name>
         <value>0xd0b4</value>
         <object_component_ref idref="oc-2a3"/>
      </symbol>
      <symbol id="sm-2e6">
         <name>__mspabi_slll_1</name>
         <value>0xd0b8</value>
         <object_component_ref idref="oc-2a3"/>
      </symbol>
      <symbol id="sm-2e7">
         <name>__mspabi_slll</name>
         <value>0xd230</value>
         <object_component_ref idref="oc-2b4"/>
      </symbol>
      <symbol id="sm-2e8">
         <name>__mspabi_slll_15</name>
         <value>0xd080</value>
         <object_component_ref idref="oc-2a3"/>
      </symbol>
      <symbol id="sm-2e9">
         <name>__mspabi_slll_14</name>
         <value>0xd084</value>
         <object_component_ref idref="oc-2a3"/>
      </symbol>
      <symbol id="sm-2ea">
         <name>__mspabi_slll_13</name>
         <value>0xd088</value>
         <object_component_ref idref="oc-2a3"/>
      </symbol>
      <symbol id="sm-2eb">
         <name>__mspabi_slll_12</name>
         <value>0xd08c</value>
         <object_component_ref idref="oc-2a3"/>
      </symbol>
      <symbol id="sm-2ec">
         <name>__mspabi_slll_11</name>
         <value>0xd090</value>
         <object_component_ref idref="oc-2a3"/>
      </symbol>
      <symbol id="sm-2ed">
         <name>__mspabi_slll_10</name>
         <value>0xd094</value>
         <object_component_ref idref="oc-2a3"/>
      </symbol>
      <symbol id="sm-2f5">
         <name>__mspabi_srli_8</name>
         <value>0xcf98</value>
         <object_component_ref idref="oc-29e"/>
      </symbol>
      <symbol id="sm-2f6">
         <name>__mspabi_srli_9</name>
         <value>0xcf94</value>
         <object_component_ref idref="oc-29e"/>
      </symbol>
      <symbol id="sm-2f7">
         <name>__mspabi_srli_6</name>
         <value>0xcfa0</value>
         <object_component_ref idref="oc-29e"/>
      </symbol>
      <symbol id="sm-2f8">
         <name>__mspabi_srli_7</name>
         <value>0xcf9c</value>
         <object_component_ref idref="oc-29e"/>
      </symbol>
      <symbol id="sm-2f9">
         <name>__mspabi_srli_4</name>
         <value>0xcfa8</value>
         <object_component_ref idref="oc-29e"/>
      </symbol>
      <symbol id="sm-2fa">
         <name>__mspabi_srli_5</name>
         <value>0xcfa4</value>
         <object_component_ref idref="oc-29e"/>
      </symbol>
      <symbol id="sm-2fb">
         <name>__mspabi_srli_2</name>
         <value>0xcfb0</value>
         <object_component_ref idref="oc-29e"/>
      </symbol>
      <symbol id="sm-2fc">
         <name>__mspabi_srli_3</name>
         <value>0xcfac</value>
         <object_component_ref idref="oc-29e"/>
      </symbol>
      <symbol id="sm-2fd">
         <name>__mspabi_srli_1</name>
         <value>0xcfb4</value>
         <object_component_ref idref="oc-29e"/>
      </symbol>
      <symbol id="sm-2fe">
         <name>__mspabi_srli</name>
         <value>0xcf6e</value>
         <object_component_ref idref="oc-29e"/>
      </symbol>
      <symbol id="sm-2ff">
         <name>__mspabi_srli_15</name>
         <value>0xcf7c</value>
         <object_component_ref idref="oc-29e"/>
      </symbol>
      <symbol id="sm-300">
         <name>__mspabi_srli_14</name>
         <value>0xcf80</value>
         <object_component_ref idref="oc-29e"/>
      </symbol>
      <symbol id="sm-301">
         <name>__mspabi_srli_13</name>
         <value>0xcf84</value>
         <object_component_ref idref="oc-29e"/>
      </symbol>
      <symbol id="sm-302">
         <name>__mspabi_srli_12</name>
         <value>0xcf88</value>
         <object_component_ref idref="oc-29e"/>
      </symbol>
      <symbol id="sm-303">
         <name>__mspabi_srli_11</name>
         <value>0xcf8c</value>
         <object_component_ref idref="oc-29e"/>
      </symbol>
      <symbol id="sm-304">
         <name>__mspabi_srli_10</name>
         <value>0xcf90</value>
         <object_component_ref idref="oc-29e"/>
      </symbol>
      <symbol id="sm-314">
         <name>__mspabi_srll_8</name>
         <value>0xce98</value>
         <object_component_ref idref="oc-2cd"/>
      </symbol>
      <symbol id="sm-315">
         <name>__mspabi_srll_9</name>
         <value>0xce92</value>
         <object_component_ref idref="oc-2cd"/>
      </symbol>
      <symbol id="sm-316">
         <name>__mspabi_srll_6</name>
         <value>0xcea4</value>
         <object_component_ref idref="oc-2cd"/>
      </symbol>
      <symbol id="sm-317">
         <name>__mspabi_srll_7</name>
         <value>0xce9e</value>
         <object_component_ref idref="oc-2cd"/>
      </symbol>
      <symbol id="sm-318">
         <name>__mspabi_srll_4</name>
         <value>0xceb0</value>
         <object_component_ref idref="oc-2cd"/>
      </symbol>
      <symbol id="sm-319">
         <name>__mspabi_srll_5</name>
         <value>0xceaa</value>
         <object_component_ref idref="oc-2cd"/>
      </symbol>
      <symbol id="sm-31a">
         <name>__mspabi_srll_2</name>
         <value>0xcebc</value>
         <object_component_ref idref="oc-2cd"/>
      </symbol>
      <symbol id="sm-31b">
         <name>__mspabi_srll_3</name>
         <value>0xceb6</value>
         <object_component_ref idref="oc-2cd"/>
      </symbol>
      <symbol id="sm-31c">
         <name>__mspabi_srll_1</name>
         <value>0xcec2</value>
         <object_component_ref idref="oc-2cd"/>
      </symbol>
      <symbol id="sm-31d">
         <name>__mspabi_srll_15</name>
         <value>0xce6e</value>
         <object_component_ref idref="oc-2cd"/>
      </symbol>
      <symbol id="sm-31e">
         <name>__mspabi_srll_14</name>
         <value>0xce74</value>
         <object_component_ref idref="oc-2cd"/>
      </symbol>
      <symbol id="sm-31f">
         <name>__mspabi_srll_13</name>
         <value>0xce7a</value>
         <object_component_ref idref="oc-2cd"/>
      </symbol>
      <symbol id="sm-320">
         <name>__mspabi_srll_12</name>
         <value>0xce80</value>
         <object_component_ref idref="oc-2cd"/>
      </symbol>
      <symbol id="sm-321">
         <name>__mspabi_srll_11</name>
         <value>0xce86</value>
         <object_component_ref idref="oc-2cd"/>
      </symbol>
      <symbol id="sm-322">
         <name>__mspabi_srll_10</name>
         <value>0xce8c</value>
         <object_component_ref idref="oc-2cd"/>
      </symbol>
      <symbol id="sm-323">
         <name>__mspabi_srll</name>
         <value>0xd20e</value>
         <object_component_ref idref="oc-2a8"/>
      </symbol>
      <symbol id="sm-32f">
         <name>_system_pre_init</name>
         <value>0xd274</value>
         <object_component_ref idref="oc-11b"/>
      </symbol>
      <symbol id="sm-342">
         <name>__TI_renormd</name>
         <value>0xca4e</value>
         <object_component_ref idref="oc-2be"/>
      </symbol>
      <symbol id="sm-354">
         <name>__mspabi_sral</name>
         <value>0xd220</value>
         <object_component_ref idref="oc-2b9"/>
      </symbol>
      <symbol id="sm-355">
         <name>__mspabi_sral_15</name>
         <value>0xd042</value>
         <object_component_ref idref="oc-279"/>
      </symbol>
      <symbol id="sm-356">
         <name>__mspabi_sral_14</name>
         <value>0xd046</value>
         <object_component_ref idref="oc-279"/>
      </symbol>
      <symbol id="sm-357">
         <name>__mspabi_sral_13</name>
         <value>0xd04a</value>
         <object_component_ref idref="oc-279"/>
      </symbol>
      <symbol id="sm-358">
         <name>__mspabi_sral_12</name>
         <value>0xd04e</value>
         <object_component_ref idref="oc-279"/>
      </symbol>
      <symbol id="sm-359">
         <name>__mspabi_sral_11</name>
         <value>0xd052</value>
         <object_component_ref idref="oc-279"/>
      </symbol>
      <symbol id="sm-35a">
         <name>__mspabi_sral_10</name>
         <value>0xd056</value>
         <object_component_ref idref="oc-279"/>
      </symbol>
      <symbol id="sm-35b">
         <name>__mspabi_sral_8</name>
         <value>0xd05e</value>
         <object_component_ref idref="oc-279"/>
      </symbol>
      <symbol id="sm-35c">
         <name>__mspabi_sral_9</name>
         <value>0xd05a</value>
         <object_component_ref idref="oc-279"/>
      </symbol>
      <symbol id="sm-35d">
         <name>__mspabi_sral_6</name>
         <value>0xd066</value>
         <object_component_ref idref="oc-279"/>
      </symbol>
      <symbol id="sm-35e">
         <name>__mspabi_sral_7</name>
         <value>0xd062</value>
         <object_component_ref idref="oc-279"/>
      </symbol>
      <symbol id="sm-35f">
         <name>__mspabi_sral_4</name>
         <value>0xd06e</value>
         <object_component_ref idref="oc-279"/>
      </symbol>
      <symbol id="sm-360">
         <name>__mspabi_sral_5</name>
         <value>0xd06a</value>
         <object_component_ref idref="oc-279"/>
      </symbol>
      <symbol id="sm-361">
         <name>__mspabi_sral_2</name>
         <value>0xd076</value>
         <object_component_ref idref="oc-279"/>
      </symbol>
      <symbol id="sm-362">
         <name>__mspabi_sral_3</name>
         <value>0xd072</value>
         <object_component_ref idref="oc-279"/>
      </symbol>
      <symbol id="sm-363">
         <name>__mspabi_sral_1</name>
         <value>0xd07a</value>
         <object_component_ref idref="oc-279"/>
      </symbol>
   </symbol_table>
   <title>Link successful</title>
</link_info>
